宸叉竻鐞嗕复鏃剁洰褰? C:\Users\13623\AppData\Local\Temp\test_vwb_cxoywrp6
